[2026-10-08 09:16:13] SERVER_START port=15844 nid=NID:6298
[2026-10-08 09:18:56] REGISTER user=dulara
[2026-10-08 09:23:33] REGISTER user=kamal
[2026-10-08 09:25:28] REGISTER user=user3
[2026-10-08 09:26:22] REGISTER user=user4
[2026-10-08 09:27:09] REGISTER user=user5
[2026-10-08 09:28:25] REGISTER user=user6
[2026-10-08 09:41:41] BCAST user=dulara
[2026-10-08 09:48:26] PMSG sender=dulara target=kamal
[2026-10-08 09:53:05] JOIN user=dulara room=IE3010
[2026-10-08 09:53:34] JOIN user=kamal room=IE3010
[2026-10-08 09:53:44] JOIN user=user3 room=IE3010
[2026-10-08 09:54:00] JOIN user=user4 room=IE3010
[2026-10-08 09:54:11] JOIN user=user5 room=IE3010
[2026-10-08 09:54:39] JOIN user=user6 room=IE3010
[2026-10-08 09:55:44] RMSG user=dulara room=IE3010
[2026-10-08 09:58:00] LEAVE user=dulara room=IE3010
[2026-10-08 10:05:15] FILE sender=dulara target=kamal filename=test.txt size=52
[2026-10-08 10:10:44] QUIT user=dulara
[2026-10-08 10:10:44] DISCONNECT user=dulara
[2026-10-08 13:22:54] DISCONNECT user=user6
